node.exe : ÔÜá Warning: Next.js 
inferred your workspace root, but it 
may not be correct.
No C:\Program Files\nodejs\npx.ps1:29 
caractere:3
+   & $NODE_EXE $NPX_CLI_JS $args
+   ~~~~~~~~~~~~~~~~~~~~~~~~~~~~~
    + CategoryInfo          : NotSpeci 
   fied: (ÔÜá Warning: Ne...not be co  
  rrect.:String) [], RemoteException
    + FullyQualifiedErrorId : NativeCo 
   mmandError
 
 We detected multiple lockfiles and 
selected the directory of 
C:\Users\USER\package-lock.json as the 
root directory.
 To silence this warning, set 
`turbopack.root` in your Next.js 
config, or consider removing one of 
the lockfiles if it's not needed.
   See https://nextjs.org/docs/app/api-
reference/config/next-config-js/turbopa
ck#root-directory for more information.
 Detected additional lockfiles: 
   * C:\Users\USER\Documents\Skill 
Point Plus\Health 
Quiz\package-lock.json

Ôû▓ Next.js 16.1.6 (Turbopack)
- Environments: .env.local

  Creating an optimized production build ...
Ô£ô Compiled successfully in 2.9s
  Running TypeScript ...
Failed to compile.

./src/app/quiz-result/[slug]/page.tsx:1
02:83
Type error: Parameter 'benefit' 
implicitly has an 'any' type.

[0m [90m 100 |[39m                  
                           
[33m<[39m[33mh3[39m 
className[33m=[39m[32m"font-bold 
text-sm uppercase tracking-wider 
text-text-muted 
mb-3"[39m[33m>[39m[33mKey[39m [33
mBenefits[39m[33m:[39m[33m<[39m[3
3m/[39m[33mh3[39m[33m>[39m
 [90m 101 |[39m                      
                       
[33m<[39m[33mul[39m 
className[33m=[39m[32m"grid grid-2 
gap-y-2 gap-x-4"[39m[33m>[39m
[31m[1m>[22m[39m[90m 102 |[39m   
                                       
       {product[33m.[39mbenefits[33m
.[39msplit([32m','[39m)[33m.[39mma
p((benefit[33m,[39m bIdx) 
[33m=>[39m (
 [90m     |[39m                      
                                       
                      
[31m[1m^[22m[39m
 [90m 103 |[39m                      
                               
[33m<[39m[33mli[39m 
key[33m=[39m{bIdx} 
className[33m=[39m[32m"flex 
items-center gap-2 
text-sm"[39m[33m>[39m
 [90m 104 |[39m                      
                                   
[33m<[39m[33mspan[39m className[33
m=[39m[32m"text-green-500 font-bold"
[39m[33m>[39mÔ£ô[33m<[39m[33m/[39
m[33mspan[39m[33m>[39m 
{benefit[33m.[39mtrim()}
 [90m 105 |[39m                      
                               [33m<[
39m[33m/[39m[33mli[39m[33m>[39m[
0m
Next.js build worker exited with code: 
1 and signal: null
